{"type":"server-started","port":49913,"host":"127.0.0.1","url_host":"localhost","url":"http://localhost:49913","screen_dir":"/Users/balablair/Desktop/CreatorRecorder/.superpowers/brainstorm/64057-1776661980"}
{"type":"screen-added","file":"/Users/balablair/Desktop/CreatorRecorder/.superpowers/brainstorm/64057-1776661980/prep-panel-layout.html"}
{"source":"user-event","type":"click","text":"A\n    \n      紧凑横条式（~460 × 80）\n      所有控件排在一行，和现在的 FloatingControlBar 风格一致，但内容更丰富。适合不想遮挡屏幕的用户。\n      \n      \n        \n        \n          Ready\n          Built-in · 1728×1117\n        \n        📷 Camera\n        🎙 Mic\n        ✂️ Pick\n        ● Record\n      \n      \n        ✓ 最小遮挡\n        ✓ 和现有代码改动最小\n        ✗ 控件太挤，没有选区预览","choice":"A","id":null,"timestamp":1776662006077}
{"type":"screen-added","file":"/Users/balablair/Desktop/CreatorRecorder/.superpowers/brainstorm/64057-1776661980/style-direction.html"}
{"type":"screen-added","file":"/Users/balablair/Desktop/CreatorRecorder/.superpowers/brainstorm/64057-1776661980/style-v2.html"}
{"type":"screen-updated","file":"/Users/balablair/Desktop/CreatorRecorder/.superpowers/brainstorm/64057-1776661980/style-v2.html"}
{"type":"screen-added","file":"/Users/balablair/Desktop/CreatorRecorder/.superpowers/brainstorm/64057-1776661980/style-v3.html"}
{"type":"screen-updated","file":"/Users/balablair/Desktop/CreatorRecorder/.superpowers/brainstorm/64057-1776661980/style-v3.html"}
{"type":"screen-added","file":"/Users/balablair/Desktop/CreatorRecorder/.superpowers/brainstorm/64057-1776661980/style-v4.html"}
{"type":"screen-added","file":"/Users/balablair/Desktop/CreatorRecorder/.superpowers/brainstorm/64057-1776661980/style-snow.html"}
{"type":"screen-updated","file":"/Users/balablair/Desktop/CreatorRecorder/.superpowers/brainstorm/64057-1776661980/style-snow.html"}
{"type":"screen-added","file":"/Users/balablair/Desktop/CreatorRecorder/.superpowers/brainstorm/64057-1776661980/style-snow-light.html"}
{"type":"screen-updated","file":"/Users/balablair/Desktop/CreatorRecorder/.superpowers/brainstorm/64057-1776661980/style-snow-light.html"}
{"type":"screen-added","file":"/Users/balablair/Desktop/CreatorRecorder/.superpowers/brainstorm/64057-1776661980/style-macos.html"}
{"type":"screen-added","file":"/Users/balablair/Desktop/CreatorRecorder/.superpowers/brainstorm/64057-1776661980/style-v5.html"}
{"type":"screen-added","file":"/Users/balablair/Desktop/CreatorRecorder/.superpowers/brainstorm/64057-1776661980/style-v6.html"}
{"type":"screen-updated","file":"/Users/balablair/Desktop/CreatorRecorder/.superpowers/brainstorm/64057-1776661980/style-v6.html"}
{"type":"screen-added","file":"/Users/balablair/Desktop/CreatorRecorder/.superpowers/brainstorm/64057-1776661980/style-v7.html"}
{"type":"screen-updated","file":"/Users/balablair/Desktop/CreatorRecorder/.superpowers/brainstorm/64057-1776661980/style-v7.html"}
{"type":"screen-updated","file":"/Users/balablair/Desktop/CreatorRecorder/.superpowers/brainstorm/64057-1776661980/style-v7.html"}
{"type":"screen-updated","file":"/Users/balablair/Desktop/CreatorRecorder/.superpowers/brainstorm/64057-1776661980/style-v7.html"}
{"type":"screen-updated","file":"/Users/balablair/Desktop/CreatorRecorder/.superpowers/brainstorm/64057-1776661980/style-v7.html"}
{"type":"screen-updated","file":"/Users/balablair/Desktop/CreatorRecorder/.superpowers/brainstorm/64057-1776661980/style-v7.html"}
{"type":"screen-updated","file":"/Users/balablair/Desktop/CreatorRecorder/.superpowers/brainstorm/64057-1776661980/style-v7.html"}
{"type":"screen-updated","file":"/Users/balablair/Desktop/CreatorRecorder/.superpowers/brainstorm/64057-1776661980/style-v7.html"}
{"type":"screen-updated","file":"/Users/balablair/Desktop/CreatorRecorder/.superpowers/brainstorm/64057-1776661980/style-v7.html"}
{"type":"screen-updated","file":"/Users/balablair/Desktop/CreatorRecorder/.superpowers/brainstorm/64057-1776661980/style-v7.html"}
{"type":"screen-updated","file":"/Users/balablair/Desktop/CreatorRecorder/.superpowers/brainstorm/64057-1776661980/style-v7.html"}
{"type":"screen-updated","file":"/Users/balablair/Desktop/CreatorRecorder/.superpowers/brainstorm/64057-1776661980/style-v7.html"}
{"type":"screen-updated","file":"/Users/balablair/Desktop/CreatorRecorder/.superpowers/brainstorm/64057-1776661980/style-v7.html"}
{"type":"screen-updated","file":"/Users/balablair/Desktop/CreatorRecorder/.superpowers/brainstorm/64057-1776661980/style-v7.html"}
{"type":"screen-updated","file":"/Users/balablair/Desktop/CreatorRecorder/.superpowers/brainstorm/64057-1776661980/style-v7.html"}
{"type":"screen-updated","file":"/Users/balablair/Desktop/CreatorRecorder/.superpowers/brainstorm/64057-1776661980/style-v7.html"}
{"type":"screen-updated","file":"/Users/balablair/Desktop/CreatorRecorder/.superpowers/brainstorm/64057-1776661980/style-v7.html"}
{"type":"screen-added","file":"/Users/balablair/Desktop/CreatorRecorder/.superpowers/brainstorm/64057-1776661980/simplify-compare.html"}
{"type":"screen-updated","file":"/Users/balablair/Desktop/CreatorRecorder/.superpowers/brainstorm/64057-1776661980/simplify-compare.html"}
{"type":"screen-updated","file":"/Users/balablair/Desktop/CreatorRecorder/.superpowers/brainstorm/64057-1776661980/style-v7.html"}
{"type":"screen-updated","file":"/Users/balablair/Desktop/CreatorRecorder/.superpowers/brainstorm/64057-1776661980/style-v7.html"}
